// Jest Snapshot v1, https://goo.gl/fbAQLP

exports[`<SoundDetails /> renders correctly when there are no items 1`] = `null`;
