// Jest Snapshot v1, https://goo.gl/fbAQLP

exports[`<MediaCard> renders correctly when there are no items 1`] = `
<div
  className="MuiPaper-root MuiPaper-elevation MuiPaper-rounded MuiPaper-elevation1 MuiCard-root css-bhp9pd-MuiPaper-root-MuiCard-root"
  data-id="123"
>
  <img
    alt="aName"
    className="MuiCardMedia-root MuiCardMedia-media MuiCardMedia-img css-o69gx8-MuiCardMedia-root"
    height="140"
    src="anIcon"
  />
  <div
    className="MuiCardContent-root css-46bh2p-MuiCardContent-root"
  >
    <div
      className="MuiTypography-root MuiTypography-h5 MuiTypography-gutterBottom css-h93ljk-MuiTypography-root"
    >
      aName
    </div>
  </div>
  <div
    className="MuiCardActions-root MuiCardActions-spacing css-1t6e9jv-MuiCardActions-root"
  >
    <button
      className="MuiButton-root MuiButton-text MuiButton-textPrimary MuiButton-sizeSmall MuiButton-textSizeSmall MuiButtonBase-root  css-1knaqv7-MuiButtonBase-root-MuiButton-root"
      disabled={false}
      onBlur={[Function]}
      onClick={[Function]}
      onContextMenu={[Function]}
      onDragLeave={[Function]}
      onFocus={[Function]}
      onKeyDown={[Function]}
      onKeyUp={[Function]}
      onMouseDown={[Function]}
      onMouseLeave={[Function]}
      onMouseUp={[Function]}
      onTouchEnd={[Function]}
      onTouchMove={[Function]}
      onTouchStart={[Function]}
      tabIndex={0}
      type="button"
    >
       Open Details
    </button>
  </div>
</div>
`;
